UEsDBAoAAAAAAAAAIQBBN4LPBAUAAAQFAAATAAAAW0NvbnRlbnRfVHlwZXNdLnhtbDw/eG1sIHZlcnNpb249IjEuMCIgZW5jb2Rpbmc9IlVURi04IiBzdGFuZGFsb25lPSJ5ZXMiPz4NCjxUeXBlcyB4bWxucz0iaHR0cDovL3NjaGVtYXMub3BlbnhtbGZvcm1hdHMub3JnL3BhY2thZ2UvMjAwNi9jb250ZW50LXR5cGVzIj48RGVmYXVsdCBFeHRlbnNpb249ImJpbiIgQ29udGVudFR5cGU9ImFwcGxpY2F0aW9uL3ZuZC5vcGVueG1sZm9ybWF0cy1vZmZpY2Vkb2N1bWVudC5zcHJlYWRzaGVldG1sLnByaW50ZXJTZXR0aW5ncyIvPjxEZWZhdWx0IEV4dGVuc2lvbj0icmVscyIgQ29udGVudFR5cGU9ImFwcGxpY2F0aW9uL3ZuZC5vcGVueG1sZm9ybWF0cy1wYWNrYWdlLnJlbGF0aW9uc2hpcHMreG1sIi8+PERlZmF1bHQgRXh0ZW5zaW9uPSJ4bWwiIENvbnRlbnRUeXBlPSJhcHBsaWNhdGlvbi94bWwiLz48T3ZlcnJpZGUgUGFydE5hbWU9Ii94bC93b3JrYm9vay54bWwiIENvbnRlbnRUeXBlPSJhcHBsaWNhdGlvbi92bmQub3BlbnhtbGZvcm1hdHMtb2ZmaWNlZG9jdW1lbnQuc3ByZWFkc2hlZXRtbC5zaGVldC5tYWluK3htbCIvPjxPdmVycmlkZSBQYXJ0TmFtZT0iL3hsL3dvcmtzaGVldHMvc2hlZXQxLnhtbCIgQ29udGVudFR5cGU9ImFwcGxpY2F0aW9uL3ZuZC5vcGVueG1sZm9ybWF0cy1vZmZpY2Vkb2N1bWVudC5zcHJlYWRzaGVldG1sLndvcmtzaGVldCt4bWwiLz48T3ZlcnJpZGUgUGFydE5hbWU9Ii94bC90aGVtZS90aGVtZTEueG1sIiBDb250ZW50VHlwZT0iYXBwbGljYXRpb24vdm5kLm9wZW54bWxmb3JtYXRzLW9mZmljZWRvY3VtZW50LnRoZW1lK3htbCIvPjxPdmVycmlkZSBQYXJ0TmFtZT0iL3hsL3N0eWxlcy54bWwiIENvbnRlbnRUeXBlPSJhcHBsaWNhdGlvbi92bmQub3BlbnhtbGZvcm1hdHMtb2ZmaWNlZG9jdW1lbnQuc3ByZWFkc2hlZXRtbC5zdHlsZXMreG1sIi8+PE92ZXJyaWRlIFBhcnROYW1lPSIveGwvc2hhcmVkU3RyaW5ncy54bWwiIENvbnRlbnRUeXBlPSJhcHBsaWNhdGlvbi92bmQub3BlbnhtbGZvcm1hdHMtb2ZmaWNlZG9jdW1lbnQuc3ByZWFkc2hlZXRtbC5zaGFyZWRTdHJpbmdzK3htbCIvPjxPdmVycmlkZSBQYXJ0TmFtZT0iL2RvY1Byb3BzL2NvcmUueG1sIiBDb250ZW50VHlwZT0iYXBwbGljYXRpb24vdm5kLm9wZW54bWxmb3JtYXRzLXBhY2thZ2UuY29yZS1wcm9wZXJ0aWVzK3htbCIvPjxPdmVycmlkZSBQYXJ0TmFtZT0iL2RvY1Byb3BzL2FwcC54bWwiIENvbnRlbnRUeXBlPSJhcHBsaWNhdGlvbi92bmQub3BlbnhtbGZvcm1hdHMtb2ZmaWNlZG9jdW1lbnQuZXh0ZW5kZWQtcHJvcGVydGllcyt4bWwiLz48L1R5cGVzPlBLAwQKAAAAAAAAACEAtVUwI0wCAABMAgAACwAAAF9yZWxzLy5yZWxzPD94bWwgdmVyc2lvbj0iMS4wIiBlbmNvZGluZz0iVVRGLTgiIHN0YW5kYWxvbmU9InllcyI/Pg0KPFJlbGF0aW9uc2hpcHMgeG1sbnM9Imh0dHA6Ly9zY2hlbWFzLm9wZW54bWxmb3JtYXRzLm9yZy9wYWNrYWdlLzIwMDYvcmVsYXRpb25zaGlwcyI+PFJlbGF0aW9uc2hpcCBJZD0icklkMyIgVHlwZT0iaHR0cDovL3NjaGVtYXMub3BlbnhtbGZvcm1hdHMub3JnL29mZmljZURvY3VtZW50LzIwMDYvcmVsYXRpb25zaGlwcy9leHRlbmRlZC1wcm9wZXJ0aWVzIiBUYXJnZXQ9ImRvY1Byb3BzL2FwcC54bWwiLz48UmVsYXRpb25zaGlwIElkPSJySWQyIiBUeXBlPSJodHRwOi8vc2NoZW1hcy5vcGVueG1sZm9ybWF0cy5vcmcvcGFja2FnZS8yMDA2L3JlbGF0aW9uc2hpcHMvbWV0YWRhdGEvY29yZS1wcm9wZXJ0aWVzIiBUYXJnZXQ9ImRvY1Byb3BzL2NvcmUueG1sIi8+PFJlbGF0aW9uc2hpcCBJZD0icklkMSIgVHlwZT0iaHR0cDovL3NjaGVtYXMub3BlbnhtbGZvcm1hdHMub3JnL29mZmljZURvY3VtZW50LzIwMDYvcmVsYXRpb25zaGlwcy9vZmZpY2VEb2N1bWVudCIgVGFyZ2V0PSJ4bC93b3JrYm9vay54bWwiLz48L1JlbGF0aW9uc2hpcHM+UEsDBAoAAAAAAAAAIQCBPpSXugIAALoCAAAaAAAAeGwvX3JlbHMvd29ya2Jvb2sueG1sLnJlbHM8P3htbCB2ZXJzaW9uPSIxLjAiIGVuY29kaW5nPSJVVEYtOCIgc3RhbmRhbG9uZT0ieWVzIj8+DQo8UmVsYXRpb25zaGlwcyB4bWxucz0iaHR0cDovL3NjaGVtYXMub3BlbnhtbGZvcm1hdHMub3JnL3BhY2thZ2UvMjAwNi9yZWxhdGlvbnNoaXBzIj48UmVsYXRpb25zaGlwIElkPSJySWQzIiBUeXBlPSJodHRwOi8vc2NoZW1hcy5vcGVueG1sZm9ybWF0cy5vcmcvb2ZmaWNlRG9jdW1lbnQvMjAwNi9yZWxhdGlvbnNoaXBzL3N0eWxlcyIgVGFyZ2V0PSJzdHlsZXMueG1sIi8+PFJlbGF0aW9uc2hpcCBJZD0icklkMiIgVHlwZT0iaHR0cDovL3NjaGVtYXMub3BlbnhtbGZvcm1hdHMub3JnL29mZmljZURvY3VtZW50LzIwMDYvcmVsYXRpb25zaGlwcy90aGVtZSIgVGFyZ2V0PSJ0aGVtZS90aGVtZTEueG1sIi8+PFJlbGF0aW9uc2hpcCBJZD0icklkMSIgVHlwZT0iaHR0cDovL3NjaGVtYXMub3BlbnhtbGZvcm1hdHMub3JnL29mZmljZURvY3VtZW50LzIwMDYvcmVsYXRpb25zaGlwcy93b3Jrc2hlZXQiIFRhcmdldD0id29ya3NoZWV0cy9zaGVldDEueG1sIi8+PFJlbGF0aW9uc2hpcCBJZD0icklkNCIgVHlwZT0iaHR0cDovL3NjaGVtYXMub3BlbnhtbGZvcm1hdHMub3JnL29mZmljZURvY3VtZW50LzIwMDYvcmVsYXRpb25zaGlwcy9zaGFyZWRTdHJpbmdzIiBUYXJnZXQ9InNoYXJlZFN0cmluZ3MueG1sIi8+PC9SZWxhdGlvbnNoaXBzPlBLAwQKAAAAAACFs1BMCOPUtgUEAAAFBAAADwAAAHhsL3dvcmtib29rLnhtbDw/eG1sIHZlcnNpb249JzEuMCcgZW5jb2Rpbmc9J3V0Zi04Jz8+Cjx3b3JrYm9vayBtYzpJZ25vcmFibGU9IngxNSIgeG1sbnM9Imh0dHA6Ly9zY2hlbWFzLm9wZW54bWxmb3JtYXRzLm9yZy9zcHJlYWRzaGVldG1sLzIwMDYvbWFpbiIgeG1sbnM6bWM9Imh0dHA6Ly9zY2hlbWFzLm9wZW54bWxmb3JtYXRzLm9yZy9tYXJrdXAtY29tcGF0aWJpbGl0eS8yMDA2IiB4bWxuczpyPSJodHRwOi8vc2NoZW1hcy5vcGVueG1sZm9ybWF0cy5vcmcvb2ZmaWNlRG9jdW1lbnQvMjAwNi9yZWxhdGlvbnNoaXBzIiB4bWxuczp4MTU9Imh0dHA6Ly9zY2hlbWFzLm1pY3Jvc29mdC5jb20vb2ZmaWNlL3NwcmVhZHNoZWV0bWwvMjAxMC8xMS9tYWluIj48ZmlsZVZlcnNpb24gYXBwTmFtZT0ieGwiIGxhc3RFZGl0ZWQ9IjciIGxvd2VzdEVkaXRlZD0iNyIgcnVwQnVpbGQ9IjE5MDAxIiAvPjx3b3JrYm9va1ByIGRlZmF1bHRUaGVtZVZlcnNpb249IjE2NjkyNSIgLz48bWM6QWx0ZXJuYXRlQ29udGVudCB4bWxuczptYz0iaHR0cDovL3NjaGVtYXMub3BlbnhtbGZvcm1hdHMub3JnL21hcmt1cC1jb21wYXRpYmlsaXR5LzIwMDYiPjxtYzpDaG9pY2UgUmVxdWlyZXM9IngxNSI+PHgxNWFjOmFic1BhdGggdXJsPSJDOlxTeXN0ZW1zXFNpbXBsZS1SZXBvcnQtU2VydmVyLUV4YW1wbGVcc291cmNlXE11c3RhY2hlLlJlcG9ydHMuRGF0YS5UZXN0c1xUZW1wbGF0ZXNcIiB4bWxuczp4MTVhYz0iaHR0cDovL3NjaGVtYXMubWljcm9zb2Z0LmNvbS9vZmZpY2Uvc3ByZWFkc2hlZXRtbC8yMDEwLzExL2FjIiAvPjwvbWM6Q2hvaWNlPjwvbWM6QWx0ZXJuYXRlQ29udGVudD48Ym9va1ZpZXdzPjx3b3JrYm9va1ZpZXcgdGFiUmF0aW89Ijk5MCIgd2luZG93SGVpZ2h0PSIxMjIxMCIgd2luZG93V2lkdGg9IjI4ODAwIiB4V2luZG93PSIwIiB5V2luZG93PSIwIiAvPjwvYm9va1ZpZXdzPjxzaGVldHM+PHNoZWV0IG5hbWU9IlNoZWV0MSIgcjppZD0icklkMSIgc2hlZXRJZD0iMSIgLz48L3NoZWV0cz48Y2FsY1ByIGNhbGNJZD0iMCIgLz48L3dvcmtib29rPlBLAwQKAAAAAACFs1BMJRYhizEBAAAxAQAAFAAAAHhsL3NoYXJlZFN0cmluZ3MueG1sPD94bWwgdmVyc2lvbj0nMS4wJyBlbmNvZGluZz0ndXRmLTgnPz4KPHNzdCBjb3VudD0iNiIgdW5pcXVlQ291bnQ9IjYiIHhtbG5zPSJodHRwOi8vc2NoZW1hcy5vcGVueG1sZm9ybWF0cy5vcmcvc3ByZWFkc2hlZXRtbC8yMDA2L21haW4iPjxzaT48dD5OYW1lPC90Pjwvc2k+PHNpPjx0PkFnZTwvdD48L3NpPjxzaT48dD4ke3RhYmxlOnBlb3BsZS5uYW1lfTwvdD48L3NpPjxzaT48dD4ke3RhYmxlOnBlb3BsZS5hZ2V9PC90Pjwvc2k+PHNpPjx0PkpvaG4gU21pdGg8L3Q+PC9zaT48c2k+PHQ+Qm9iIEpvaG5zb248L3Q+PC9zaT48L3NzdD5QSwMECgAAAAAAAAAhADttMktCAQAAQgEAACMAAAB4bC93b3Jrc2hlZXRzL19yZWxzL3NoZWV0MS54bWwucmVsczw/eG1sIHZlcnNpb249IjEuMCIgZW5jb2Rpbmc9IlVURi04IiBzdGFuZGFsb25lPSJ5ZXMiPz4NCjxSZWxhdGlvbnNoaXBzIHhtbG5zPSJodHRwOi8vc2NoZW1hcy5vcGVueG1sZm9ybWF0cy5vcmcvcGFja2FnZS8yMDA2L3JlbGF0aW9uc2hpcHMiPjxSZWxhdGlvbnNoaXAgSWQ9InJJZDEiIFR5cGU9Imh0dHA6Ly9zY2hlbWFzLm9wZW54bWxmb3JtYXRzLm9yZy9vZmZpY2VEb2N1bWVudC8yMDA2L3JlbGF0aW9uc2hpcHMvcHJpbnRlclNldHRpbmdzIiBUYXJnZXQ9Ii4uL3ByaW50ZXJTZXR0aW5ncy9wcmludGVyU2V0dGluZ3MxLmJpbiIvPjwvUmVsYXRpb25zaGlwcz5QSwMECgAAAAAAAAAhAMEXEL7GIAAAxiAAABMAAAB4bC90aGVtZS90aGVtZTEueG1sPD94bWwgdmVyc2lvbj0iMS4wIiBlbmNvZGluZz0iVVRGLTgiIHN0YW5kYWxvbmU9InllcyI/Pg0KPGE6dGhlbWUgeG1sbnM6YT0iaHR0cDovL3NjaGVtYXMub3BlbnhtbGZvcm1hdHMub3JnL2RyYXdpbmdtbC8yMDA2L21haW4iIG5hbWU9Ik9mZmljZSBUaGVtZSI+PGE6dGhlbWVFbGVtZW50cz48YTpjbHJTY2hlbWUgbmFtZT0iT2ZmaWNlIj48YTpkazE+PGE6c3lzQ2xyIHZhbD0id2luZG93VGV4dCIgbGFzdENscj0iMDAwMDAwIi8+PC9hOmRrMT48YTpsdDE+PGE6c3lzQ2xyIHZhbD0id2luZG93IiBsYXN0Q2xyPSJGRkZGRkYiLz48L2E6bHQxPjxhOmRrMj48YTpzcmdiQ2xyIHZhbD0iNDQ1NDZBIi8+PC9hOmRrMj48YTpsdDI+PGE6c3JnYkNsciB2YWw9IkU3RTZFNiIvPjwvYTpsdDI+PGE6YWNjZW50MT48YTpzcmdiQ2xyIHZhbD0iNDQ3MkM0Ii8+PC9hOmFjY2VudDE+PGE6YWNjZW50Mj48YTpzcmdiQ2xyIHZhbD0iRUQ3RDMxIi8+PC9hOmFjY2VudDI+PGE6YWNjZW50Mz48YTpzcmdiQ2xyIHZhbD0iQTVBNUE1Ii8+PC9hOmFjY2VudDM+PGE6YWNjZW50ND48YTpzcmdiQ2xyIHZhbD0iRkZDMDAwIi8+PC9hOmFjY2VudDQ+PGE6YWNjZW50NT48YTpzcmdiQ2xyIHZhbD0iNUI5QkQ1Ii8+PC9hOmFjY2VudDU+PGE6YWNjZW50Nj48YTpzcmdiQ2xyIHZhbD0iNzBBRDQ3Ii8+PC9hOmFjY2VudDY+PGE6aGxpbms+PGE6c3JnYkNsciB2YWw9IjA1NjNDMSIvPjwvYTpobGluaz48YTpmb2xIbGluaz48YTpzcmdiQ2xyIHZhbD0iOTU0RjcyIi8+PC9hOmZvbEhsaW5rPjwvYTpjbHJTY2hlbWU+PGE6Zm9udFNjaGVtZSBuYW1lPSJPZmZpY2UiPjxhOm1ham9yRm9udD48YTpsYXRpbiB0eXBlZmFjZT0iQ2FsaWJyaSBMaWdodCIgcGFub3NlPSIwMjBGMDMwMjAyMDIwNDAzMDIwNCIvPjxhOmVhIHR5cGVmYWNlPSIiLz48YTpjcyB0eXBlZmFjZT0iIi8+PGE6Zm9udCBzY3JpcHQ9IkpwYW4iIHR5cGVmYWNlPSLmuLjjgrTjgrfjg4Pjgq8gTGlnaHQiLz48YTpmb250IHNjcmlwdD0iSGFuZyIgdHlwZWZhY2U9IuunkeydgCDqs6DrlJUiLz48YTpmb250IHNjcmlwdD0iSGFucyIgdHlwZWZhY2U9Iuetiee6vyBMaWdodCIvPjxhOmZvbnQgc2NyaXB0PSJIYW50IiB0eXBlZmFjZT0i5paw57Sw5piO6auUIi8+PGE6Zm9udCBzY3JpcHQ9IkFyYWIiIHR5cGVmYWNlPSJUaW1lcyBOZXcgUm9tYW4iLz48YTpmb250IHNjcmlwdD0iSGViciIgdHlwZWZhY2U9IlRpbWVzIE5ldyBSb21hbiIvPjxhOmZvbnQgc2NyaXB0PSJUaGFpIiB0eXBlZmFjZT0iVGFob21hIi8+PGE6Zm9udCBzY3JpcHQ9IkV0aGkiIHR5cGVmYWNlPSJOeWFsYSIvPjxhOmZvbnQgc2NyaXB0PSJCZW5nIiB0eXBlZmFjZT0iVnJpbmRhIi8+PGE6Zm9udCBzY3JpcHQ9Ikd1anIiIHR5cGVmYWNlPSJTaHJ1dGkiLz48YTpmb250IHNjcmlwdD0iS2htciIgdHlwZWZhY2U9Ik1vb2xCb3JhbiIvPjxhOmZvbnQgc2NyaXB0PSJLbmRhIiB0eXBlZmFjZT0iVHVuZ2EiLz48YTpmb250IHNjcmlwdD0iR3VydSIgdHlwZWZhY2U9IlJhYXZpIi8+PGE6Zm9udCBzY3JpcHQ9IkNhbnMiIHR5cGVmYWNlPSJFdXBoZW1pYSIvPjxhOmZvbnQgc2NyaXB0PSJDaGVyIiB0eXBlZmFjZT0iUGxhbnRhZ2VuZXQgQ2hlcm9rZWUiLz48YTpmb250IHNjcmlwdD0iWWlpaSIgdHlwZWZhY2U9Ik1pY3Jvc29mdCBZaSBCYWl0aSIvPjxhOmZvbnQgc2NyaXB0PSJUaWJ0IiB0eXBlZmFjZT0iTWljcm9zb2Z0IEhpbWFsYXlhIi8+PGE6Zm9udCBzY3JpcHQ9IlRoYWEiIHR5cGVmYWNlPSJNViBCb2xpIi8+PGE6Zm9udCBzY3JpcHQ9IkRldmEiIHR5cGVmYWNlPSJNYW5nYWwiLz48YTpmb250IHNjcmlwdD0iVGVsdSIgdHlwZWZhY2U9IkdhdXRhbWkiLz48YTpmb250IHNjcmlwdD0iVGFtbCIgdHlwZWZhY2U9IkxhdGhhIi8+PGE6Zm9udCBzY3JpcHQ9IlN5cmMiIHR5cGVmYWNlPSJFc3RyYW5nZWxvIEVkZXNzYSIvPjxhOmZvbnQgc2NyaXB0PSJPcnlhIiB0eXBlZmFjZT0iS2FsaW5nYSIvPjxhOmZvbnQgc2NyaXB0PSJNbHltIiB0eXBlZmFjZT0iS2FydGlrYSIvPjxhOmZvbnQgc2NyaXB0PSJMYW9vIiB0eXBlZmFjZT0iRG9rQ2hhbXBhIi8+PGE6Zm9udCBzY3JpcHQ9IlNpbmgiIHR5cGVmYWNlPSJJc2tvb2xhIFBvdGEiLz48YTpmb250IHNjcmlwdD0iTW9uZyIgdHlwZWZhY2U9Ik1vbmdvbGlhbiBCYWl0aSIvPjxhOmZvbnQgc2NyaXB0PSJWaWV0IiB0eXBlZmFjZT0iVGltZXMgTmV3IFJvbWFuIi8+PGE6Zm9udCBzY3JpcHQ9IlVpZ2giIHR5cGVmYWNlPSJNaWNyb3NvZnQgVWlnaHVyIi8+PGE6Zm9udCBzY3JpcHQ9Ikdlb3IiIHR5cGVmYWNlPSJTeWxmYWVuIi8+PGE6Zm9udCBzY3JpcHQ9IkFybW4iIHR5cGVmYWNlPSJBcmlhbCIvPjxhOmZvbnQgc2NyaXB0PSJCdWdpIiB0eXBlZmFjZT0iTGVlbGF3YWRlZSBVSSIvPjxhOmZvbnQgc2NyaXB0PSJCb3BvIiB0eXBlZmFjZT0iTWljcm9zb2Z0IEpoZW5nSGVpIi8+PGE6Zm9udCBzY3JpcHQ9IkphdmEiIHR5cGVmYWNlPSJKYXZhbmVzZSBUZXh0Ii8+PGE6Zm9udCBzY3JpcHQ9Ikxpc3UiIHR5cGVmYWNlPSJTZWdvZSBVSSIvPjxhOmZvbnQgc2NyaXB0PSJNeW1yIiB0eXBlZmFjZT0iTXlhbm1hciBUZXh0Ii8+PGE6Zm9udCBzY3JpcHQ9Ik5rb28iIHR5cGVmYWNlPSJFYnJpbWEiLz48YTpmb250IHNjcmlwdD0iT2xjayIgdHlwZWZhY2U9Ik5pcm1hbGEgVUkiLz48YTpmb250IHNjcmlwdD0iT3NtYSIgdHlwZWZhY2U9IkVicmltYSIvPjxhOmZvbnQgc2NyaXB0PSJQaGFnIiB0eXBlZmFjZT0iUGhhZ3NwYSIvPjxhOmZvbnQgc2NyaXB0PSJTeXJuIiB0eXBlZmFjZT0iRXN0cmFuZ2VsbyBFZGVzc2EiLz48YTpmb250IHNjcmlwdD0iU3lyaiIgdHlwZWZhY2U9IkVzdHJhbmdlbG8gRWRlc3NhIi8+PGE6Zm9udCBzY3JpcHQ9IlN5cmUiIHR5cGVmYWNlPSJFc3RyYW5nZWxvIEVkZXNzYSIvPjxhOmZvbnQgc2NyaXB0PSJTb3JhIiB0eXBlZmFjZT0iTmlybWFsYSBVSSIvPjxhOmZvbnQgc2NyaXB0PSJUYWxlIiB0eXBlZmFjZT0iTWljcm9zb2Z0IFRhaSBMZSIvPjxhOmZvbnQgc2NyaXB0PSJUYWx1IiB0eXBlZmFjZT0iTWljcm9zb2Z0IE5ldyBUYWkgTHVlIi8+PGE6Zm9udCBzY3JpcHQ9IlRmbmciIHR5cGVmYWNlPSJFYnJpbWEiLz48L2E6bWFqb3JGb250PjxhOm1pbm9yRm9udD48YTpsYXRpbiB0eXBlZmFjZT0iQ2FsaWJyaSIgcGFub3NlPSIwMjBGMDUwMjAyMDIwNDAzMDIwNCIvPjxhOmVhIHR5cGVmYWNlPSIiLz48YTpjcyB0eXBlZmFjZT0iIi8+PGE6Zm9udCBzY3JpcHQ9IkpwYW4iIHR5cGVmYWNlPSLmuLjjgrTjgrfjg4Pjgq8iLz48YTpmb250IHNjcmlwdD0iSGFuZyIgdHlwZWZhY2U9IuunkeydgCDqs6DrlJUiLz48YTpmb250IHNjcmlwdD0iSGFucyIgdHlwZWZhY2U9Iuetiee6vyIvPjxhOmZvbnQgc2NyaXB0PSJIYW50IiB0eXBlZmFjZT0i5paw57Sw5piO6auUIi8+PGE6Zm9udCBzY3JpcHQ9IkFyYWIiIHR5cGVmYWNlPSJBcmlhbCIvPjxhOmZvbnQgc2NyaXB0PSJIZWJyIiB0eXBlZmFjZT0iQXJpYWwiLz48YTpmb250IHNjcmlwdD0iVGhhaSIgdHlwZWZhY2U9IlRhaG9tYSIvPjxhOmZvbnQgc2NyaXB0PSJFdGhpIiB0eXBlZmFjZT0iTnlhbGEiLz48YTpmb250IHNjcmlwdD0iQmVuZyIgdHlwZWZhY2U9IlZyaW5kYSIvPjxhOmZvbnQgc2NyaXB0PSJHdWpyIiB0eXBlZmFjZT0iU2hydXRpIi8+PGE6Zm9udCBzY3JpcHQ9IktobXIiIHR5cGVmYWNlPSJEYXVuUGVuaCIvPjxhOmZvbnQgc2NyaXB0PSJLbmRhIiB0eXBlZmFjZT0iVHVuZ2EiLz48YTpmb250IHNjcmlwdD0iR3VydSIgdHlwZWZhY2U9IlJhYXZpIi8+PGE6Zm9udCBzY3JpcHQ9IkNhbnMiIHR5cGVmYWNlPSJFdXBoZW1pYSIvPjxhOmZvbnQgc2NyaXB0PSJDaGVyIiB0eXBlZmFjZT0iUGxhbnRhZ2VuZXQgQ2hlcm9rZWUiLz48YTpmb250IHNjcmlwdD0iWWlpaSIgdHlwZWZhY2U9Ik1pY3Jvc29mdCBZaSBCYWl0aSIvPjxhOmZvbnQgc2NyaXB0PSJUaWJ0IiB0eXBlZmFjZT0iTWljcm9zb2Z0IEhpbWFsYXlhIi8+PGE6Zm9udCBzY3JpcHQ9IlRoYWEiIHR5cGVmYWNlPSJNViBCb2xpIi8+PGE6Zm9udCBzY3JpcHQ9IkRldmEiIHR5cGVmYWNlPSJNYW5nYWwiLz48YTpmb250IHNjcmlwdD0iVGVsdSIgdHlwZWZhY2U9IkdhdXRhbWkiLz48YTpmb250IHNjcmlwdD0iVGFtbCIgdHlwZWZhY2U9IkxhdGhhIi8+PGE6Zm9udCBzY3JpcHQ9IlN5cmMiIHR5cGVmYWNlPSJFc3RyYW5nZWxvIEVkZXNzYSIvPjxhOmZvbnQgc2NyaXB0PSJPcnlhIiB0eXBlZmFjZT0iS2FsaW5nYSIvPjxhOmZvbnQgc2NyaXB0PSJNbHltIiB0eXBlZmFjZT0iS2FydGlrYSIvPjxhOmZvbnQgc2NyaXB0PSJMYW9vIiB0eXBlZmFjZT0iRG9rQ2hhbXBhIi8+PGE6Zm9udCBzY3JpcHQ9IlNpbmgiIHR5cGVmYWNlPSJJc2tvb2xhIFBvdGEiLz48YTpmb250IHNjcmlwdD0iTW9uZyIgdHlwZWZhY2U9Ik1vbmdvbGlhbiBCYWl0aSIvPjxhOmZvbnQgc2NyaXB0PSJWaWV0IiB0eXBlZmFjZT0iQXJpYWwiLz48YTpmb250IHNjcmlwdD0iVWlnaCIgdHlwZWZhY2U9Ik1pY3Jvc29mdCBVaWdodXIiLz48YTpmb250IHNjcmlwdD0iR2VvciIgdHlwZWZhY2U9IlN5bGZhZW4iLz48YTpmb250IHNjcmlwdD0iQXJtbiIgdHlwZWZhY2U9IkFyaWFsIi8+PGE6Zm9udCBzY3JpcHQ9IkJ1Z2kiIHR5cGVmYWNlPSJMZWVsYXdhZGVlIFVJIi8+PGE6Zm9udCBzY3JpcHQ9IkJvcG8iIHR5cGVmYWNlPSJNaWNyb3NvZnQgSmhlbmdIZWkiLz48YTpmb250IHNjcmlwdD0iSmF2YSIgdHlwZWZhY2U9IkphdmFuZXNlIFRleHQiLz48YTpmb250IHNjcmlwdD0iTGlzdSIgdHlwZWZhY2U9IlNlZ29lIFVJIi8+PGE6Zm9udCBzY3JpcHQ9Ik15bXIiIHR5cGVmYWNlPSJNeWFubWFyIFRleHQiLz48YTpmb250IHNjcmlwdD0iTmtvbyIgdHlwZWZhY2U9IkVicmltYSIvPjxhOmZvbnQgc2NyaXB0PSJPbGNrIiB0eXBlZmFjZT0iTmlybWFsYSBVSSIvPjxhOmZvbnQgc2NyaXB0PSJPc21hIiB0eXBlZmFjZT0iRWJyaW1hIi8+PGE6Zm9udCBzY3JpcHQ9IlBoYWciIHR5cGVmYWNlPSJQaGFnc3BhIi8+PGE6Zm9udCBzY3JpcHQ9IlN5cm4iIHR5cGVmYWNlPSJFc3RyYW5nZWxvIEVkZXNzYSIvPjxhOmZvbnQgc2NyaXB0PSJTeXJqIiB0eXBlZmFjZT0iRXN0cmFuZ2VsbyBFZGVzc2EiLz48YTpmb250IHNjcmlwdD0iU3lyZSIgdHlwZWZhY2U9IkVzdHJhbmdlbG8gRWRlc3NhIi8+PGE6Zm9udCBzY3JpcHQ9IlNvcmEiIHR5cGVmYWNlPSJOaXJtYWxhIFVJIi8+PGE6Zm9udCBzY3JpcHQ9IlRhbGUiIHR5cGVmYWNlPSJNaWNyb3NvZnQgVGFpIExlIi8+PGE6Zm9udCBzY3JpcHQ9IlRhbHUiIHR5cGVmYWNlPSJNaWNyb3NvZnQgTmV3IFRhaSBMdWUiLz48YTpmb250IHNjcmlwdD0iVGZuZyIgdHlwZWZhY2U9IkVicmltYSIvPjwvYTptaW5vckZvbnQ+PC9hOmZvbnRTY2hlbWU+PGE6Zm10U2NoZW1lIG5hbWU9Ik9mZmljZSI+PGE6ZmlsbFN0eWxlTHN0PjxhOnNvbGlkRmlsbD48YTpzY2hlbWVDbHIgdmFsPSJwaENsciIvPjwvYTpzb2xpZEZpbGw+PGE6Z3JhZEZpbGwgcm90V2l0aFNoYXBlPSIxIj48YTpnc0xzdD48YTpncyBwb3M9IjAiPjxhOnNjaGVtZUNsciB2YWw9InBoQ2xyIj48YTpsdW1Nb2QgdmFsPSIxMTAwMDAiLz48YTpzYXRNb2QgdmFsPSIxMDUwMDAiLz48YTp0aW50IHZhbD0iNjcwMDAiLz48L2E6c2NoZW1lQ2xyPjwvYTpncz48YTpncyBwb3M9IjUwMDAwIj48YTpzY2hlbWVDbHIgdmFsPSJwaENsciI+PGE6bHVtTW9kIHZhbD0iMTA1MDAwIi8+PGE6c2F0TW9kIHZhbD0iMTAzMDAwIi8+PGE6dGludCB2YWw9IjczMDAwIi8+PC9hOnNjaGVtZUNscj48L2E6Z3M+PGE6Z3MgcG9zPSIxMDAwMDAiPjxhOnNjaGVtZUNsciB2YWw9InBoQ2xyIj48YTpsdW1Nb2QgdmFsPSIxMDUwMDAiLz48YTpzYXRNb2QgdmFsPSIxMDkwMDAiLz48YTp0aW50IHZhbD0iODEwMDAiLz48L2E6c2NoZW1lQ2xyPjwvYTpncz48L2E6Z3NMc3Q+PGE6bGluIGFuZz0iNTQwMDAwMCIgc2NhbGVkPSIwIi8+PC9hOmdyYWRGaWxsPjxhOmdyYWRGaWxsIHJvdFdpdGhTaGFwZT0iMSI+PGE6Z3NMc3Q+PGE6Z3MgcG9zPSIwIj48YTpzY2hlbWVDbHIgdmFsPSJwaENsciI+PGE6c2F0TW9kIHZhbD0iMTAzMDAwIi8+PGE6bHVtTW9kIHZhbD0iMTAyMDAwIi8+PGE6dGludCB2YWw9Ijk0MDAwIi8+PC9hOnNjaGVtZUNscj48L2E6Z3M+PGE6Z3MgcG9zPSI1MDAwMCI+PGE6c2NoZW1lQ2xyIHZhbD0icGhDbHIiPjxhOnNhdE1vZCB2YWw9IjExMDAwMCIvPjxhOmx1bU1vZCB2YWw9IjEwMDAwMCIvPjxhOnNoYWRlIHZhbD0iMTAwMDAwIi8+PC9hOnNjaGVtZUNscj48L2E6Z3M+PGE6Z3MgcG9zPSIxMDAwMDAiPjxhOnNjaGVtZUNsciB2YWw9InBoQ2xyIj48YTpsdW1Nb2QgdmFsPSI5OTAwMCIvPjxhOnNhdE1vZCB2YWw9IjEyMDAwMCIvPjxhOnNoYWRlIHZhbD0iNzgwMDAiLz48L2E6c2NoZW1lQ2xyPjwvYTpncz48L2E6Z3NMc3Q+PGE6bGluIGFuZz0iNTQwMDAwMCIgc2NhbGVkPSIwIi8+PC9hOmdyYWRGaWxsPjwvYTpmaWxsU3R5bGVMc3Q+PGE6bG5TdHlsZUxzdD48YTpsbiB3PSI2MzUwIiBjYXA9ImZsYXQiIGNtcGQ9InNuZyIgYWxnbj0iY3RyIj48YTpzb2xpZEZpbGw+PGE6c2NoZW1lQ2xyIHZhbD0icGhDbHIiLz48L2E6c29saWRGaWxsPjxhOnByc3REYXNoIHZhbD0ic29saWQiLz48YTptaXRlciBsaW09IjgwMDAwMCIvPjwvYTpsbj48YTpsbiB3PSIxMjcwMCIgY2FwPSJmbGF0IiBjbXBkPSJzbmciIGFsZ249ImN0ciI+PGE6c29saWRGaWxsPjxhOnNjaGVtZUNsciB2YWw9InBoQ2xyIi8+PC9hOnNvbGlkRmlsbD48YTpwcnN0RGFzaCB2YWw9InNvbGlkIi8+PGE6bWl0ZXIgbGltPSI4MDAwMDAiLz48L2E6bG4+PGE6bG4gdz0iMTkwNTAiIGNhcD0iZmxhdCIgY21wZD0ic25nIiBhbGduPSJjdHIiPjxhOnNvbGlkRmlsbD48YTpzY2hlbWVDbHIgdmFsPSJwaENsciIvPjwvYTpzb2xpZEZpbGw+PGE6cHJzdERhc2ggdmFsPSJzb2xpZCIvPjxhOm1pdGVyIGxpbT0iODAwMDAwIi8+PC9hOmxuPjwvYTpsblN0eWxlTHN0PjxhOmVmZmVjdFN0eWxlTHN0PjxhOmVmZmVjdFN0eWxlPjxhOmVmZmVjdExzdC8+PC9hOmVmZmVjdFN0eWxlPjxhOmVmZmVjdFN0eWxlPjxhOmVmZmVjdExzdC8+PC9hOmVmZmVjdFN0eWxlPjxhOmVmZmVjdFN0eWxlPjxhOmVmZmVjdExzdD48YTpvdXRlclNoZHcgYmx1clJhZD0iNTcxNTAiIGRpc3Q9IjE5MDUwIiBkaXI9IjU0MDAwMDAiIGFsZ249ImN0ciIgcm90V2l0aFNoYXBlPSIwIj48YTpzcmdiQ2xyIHZhbD0iMDAwMDAwIj48YTphbHBoYSB2YWw9IjYzMDAwIi8+PC9hOnNyZ2JDbHI+PC9hOm91dGVyU2hkdz48L2E6ZWZmZWN0THN0PjwvYTplZmZlY3RTdHlsZT48L2E6ZWZmZWN0U3R5bGVMc3Q+PGE6YmdGaWxsU3R5bGVMc3Q+PGE6c29saWRGaWxsPjxhOnNjaGVtZUNsciB2YWw9InBoQ2xyIi8+PC9hOnNvbGlkRmlsbD48YTpzb2xpZEZpbGw+PGE6c2NoZW1lQ2xyIHZhbD0icGhDbHIiPjxhOnRpbnQgdmFsPSI5NTAwMCIvPjxhOnNhdE1vZCB2YWw9IjE3MDAwMCIvPjwvYTpzY2hlbWVDbHI+PC9hOnNvbGlkRmlsbD48YTpncmFkRmlsbCByb3RXaXRoU2hhcGU9IjEiPjxhOmdzTHN0PjxhOmdzIHBvcz0iMCI+PGE6c2NoZW1lQ2xyIHZhbD0icGhDbHIiPjxhOnRpbnQgdmFsPSI5MzAwMCIvPjxhOnNhdE1vZCB2YWw9IjE1MDAwMCIvPjxhOnNoYWRlIHZhbD0iOTgwMDAiLz48YTpsdW1Nb2QgdmFsPSIxMDIwMDAiLz48L2E6c2NoZW1lQ2xyPjwvYTpncz48YTpncyBwb3M9IjUwMDAwIj48YTpzY2hlbWVDbHIgdmFsPSJwaENsciI+PGE6dGludCB2YWw9Ijk4MDAwIi8+PGE6c2F0TW9kIHZhbD0iMTMwMDAwIi8+PGE6c2hhZGUgdmFsPSI5MDAwMCIvPjxhOmx1bU1vZCB2YWw9IjEwMzAwMCIvPjwvYTpzY2hlbWVDbHI+PC9hOmdzPjxhOmdzIHBvcz0iMTAwMDAwIj48YTpzY2hlbWVDbHIgdmFsPSJwaENsciI+PGE6c2hhZGUgdmFsPSI2MzAwMCIvPjxhOnNhdE1vZCB2YWw9IjEyMDAwMCIvPjwvYTpzY2hlbWVDbHI+PC9hOmdzPjwvYTpnc0xzdD48YTpsaW4gYW5nPSI1NDAwMDAwIiBzY2FsZWQ9IjAiLz48L2E6Z3JhZEZpbGw+PC9hOmJnRmlsbFN0eWxlTHN0PjwvYTpmbXRTY2hlbWU+PC9hOnRoZW1lRWxlbWVudHM+PGE6b2JqZWN0RGVmYXVsdHMvPjxhOmV4dHJhQ2xyU2NoZW1lTHN0Lz48YTpleHRMc3Q+PGE6ZXh0IHVyaT0iezA1QTRDMjVDLTA4NUUtNDM0MC04NUEzLUE1NTMxRTUxMERCMn0iPjx0aG0xNTp0aGVtZUZhbWlseSB4bWxuczp0aG0xNT0iaHR0cDovL3NjaGVtYXMubWljcm9zb2Z0LmNvbS9vZmZpY2UvdGhlbWVtbC8yMDEyL21haW4iIG5hbWU9Ik9mZmljZSBUaGVtZSIgaWQ9Ins2MkY5MzlCNi05M0FGLTREQjgtOUM2Qi1ENkM3REZEQzU4OUZ9IiB2aWQ9Ins0QTNDNDZFOC02MUNDLTQ2MDMtQTU4OS03NDIyQTQ3QThFNEF9Ii8+PC9hOmV4dD48L2E6ZXh0THN0PjwvYTp0aGVtZT5QSwMECgAAAAAAAAAhALuovyzSBgAA0gYAAA0AAAB4bC9zdHlsZXMueG1sPD94bWwgdmVyc2lvbj0iMS4wIiBlbmNvZGluZz0iVVRGLTgiIHN0YW5kYWxvbmU9InllcyI/Pg0KPHN0eWxlU2hlZXQgeG1sbnM9Imh0dHA6Ly9zY2hlbWFzLm9wZW54bWxmb3JtYXRzLm9yZy9zcHJlYWRzaGVldG1sLzIwMDYvbWFpbiIgeG1sbnM6bWM9Imh0dHA6Ly9zY2hlbWFzLm9wZW54bWxmb3JtYXRzLm9yZy9tYXJrdXAtY29tcGF0aWJpbGl0eS8yMDA2IiBtYzpJZ25vcmFibGU9IngxNGFjIHgxNnIyIiB4bWxuczp4MTRhYz0iaHR0cDovL3NjaGVtYXMubWljcm9zb2Z0LmNvbS9vZmZpY2Uvc3ByZWFkc2hlZXRtbC8yMDA5LzkvYWMiIHhtbG5zOngxNnIyPSJodHRwOi8vc2NoZW1hcy5taWNyb3NvZnQuY29tL29mZmljZS9zcHJlYWRzaGVldG1sLzIwMTUvMDIvbWFpbiI+PGZvbnRzIGNvdW50PSIyIiB4MTRhYzprbm93bkZvbnRzPSIxIj48Zm9udD48c3ogdmFsPSIxMCIvPjxuYW1lIHZhbD0iQXJpYWwiLz48ZmFtaWx5IHZhbD0iMiIvPjwvZm9udD48Zm9udD48c3ogdmFsPSIxMCIvPjxjb2xvciByZ2I9IkZGMjQyOTJFIi8+PG5hbWUgdmFsPSJDb25zb2xhcyIvPjxmYW1pbHkgdmFsPSIzIi8+PC9mb250PjwvZm9udHM+PGZpbGxzIGNvdW50PSIyIj48ZmlsbD48cGF0dGVybkZpbGwgcGF0dGVyblR5cGU9Im5vbmUiLz48L2ZpbGw+PGZpbGw+PHBhdHRlcm5GaWxsIHBhdHRlcm5UeXBlPSJncmF5MTI1Ii8+PC9maWxsPjwvZmlsbHM+PGJvcmRlcnMgY291bnQ9IjEiPjxib3JkZXI+PGxlZnQvPjxyaWdodC8+PHRvcC8+PGJvdHRvbS8+PGRpYWdvbmFsLz48L2JvcmRlcj48L2JvcmRlcnM+PGNlbGxTdHlsZVhmcyBjb3VudD0iMSI+PHhmIG51bUZtdElkPSIwIiBmb250SWQ9IjAiIGZpbGxJZD0iMCIgYm9yZGVySWQ9IjAiLz48L2NlbGxTdHlsZVhmcz48Y2VsbFhmcyBjb3VudD0iMiI+PHhmIG51bUZtdElkPSIwIiBmb250SWQ9IjAiIGZpbGxJZD0iMCIgYm9yZGVySWQ9IjAiIHhmSWQ9IjAiLz48eGYgbnVtRm10SWQ9IjAiIGZvbnRJZD0iMSIgZmlsbElkPSIwIiBib3JkZXJJZD0iMCIgeGZJZD0iMCIgYXBwbHlGb250PSIxIiBhcHBseUFsaWdubWVudD0iMSI+PGFsaWdubWVudCBob3Jpem9udGFsPSJsZWZ0IiB2ZXJ0aWNhbD0iY2VudGVyIiBpbmRlbnQ9IjEiLz48L3hmPjwvY2VsbFhmcz48Y2VsbFN0eWxlcyBjb3VudD0iMSI+PGNlbGxTdHlsZSBuYW1lPSJOb3JtYWwiIHhmSWQ9IjAiIGJ1aWx0aW5JZD0iMCIvPjwvY2VsbFN0eWxlcz48ZHhmcyBjb3VudD0iMCIvPjx0YWJsZVN0eWxlcyBjb3VudD0iMCIgZGVmYXVsdFRhYmxlU3R5bGU9IlRhYmxlU3R5bGVNZWRpdW0yIiBkZWZhdWx0UGl2b3RTdHlsZT0iUGl2b3RTdHlsZUxpZ2h0MTYiLz48ZXh0THN0PjxleHQgdXJpPSJ7RUI3OURFRjItODBCOC00M2U1LTk1QkQtNTRDQkRERjkwMjBDfSIgeG1sbnM6eDE0PSJodHRwOi8vc2NoZW1hcy5taWNyb3NvZnQuY29tL29mZmljZS9zcHJlYWRzaGVldG1sLzIwMDkvOS9tYWluIj48eDE0OnNsaWNlclN0eWxlcyBkZWZhdWx0U2xpY2VyU3R5bGU9IlNsaWNlclN0eWxlTGlnaHQxIi8+PC9leHQ+PGV4dCB1cmk9Ins5MjYwQTUxMC1GMzAxLTQ2YTgtODYzNS1GNTEyRDY0QkU1RjV9IiB4bWxuczp4MTU9Imh0dHA6Ly9zY2hlbWFzLm1pY3Jvc29mdC5jb20vb2ZmaWNlL3NwcmVhZHNoZWV0bWwvMjAxMC8xMS9tYWluIj48eDE1OnRpbWVsaW5lU3R5bGVzIGRlZmF1bHRUaW1lbGluZVN0eWxlPSJUaW1lU2xpY2VyU3R5bGVMaWdodDEiLz48L2V4dD48L2V4dExzdD48L3N0eWxlU2hlZXQ+UEsDBAoAAAAAAIWzUEziGeFIXQYAAF0GAAAYAAAAeGwvd29ya3NoZWV0cy9zaGVldDEueG1sPD94bWwgdmVyc2lvbj0nMS4wJyBlbmNvZGluZz0ndXRmLTgnPz4KPHdvcmtzaGVldCBtYzpJZ25vcmFibGU9IngxNGFjIiB4bWxucz0iaHR0cDovL3NjaGVtYXMub3BlbnhtbGZvcm1hdHMub3JnL3NwcmVhZHNoZWV0bWwvMjAwNi9tYWluIiB4bWxuczptYz0iaHR0cDovL3NjaGVtYXMub3BlbnhtbGZvcm1hdHMub3JnL21hcmt1cC1jb21wYXRpYmlsaXR5LzIwMDYiIHhtbG5zOnI9Imh0dHA6Ly9zY2hlbWFzLm9wZW54bWxmb3JtYXRzLm9yZy9vZmZpY2VEb2N1bWVudC8yMDA2L3JlbGF0aW9uc2hpcHMiIHhtbG5zOngxNGFjPSJodHRwOi8vc2NoZW1hcy5taWNyb3NvZnQuY29tL29mZmljZS9zcHJlYWRzaGVldG1sLzIwMDkvOS9hYyI+PGRpbWVuc2lvbiByZWY9IkExOkIzIiAvPjxzaGVldFZpZXdzPjxzaGVldFZpZXcgdGFiU2VsZWN0ZWQ9IjEiIHdvcmtib29rVmlld0lkPSIwIiB6b29tU2NhbGVOb3JtYWw9IjEwMCI+PHNlbGVjdGlvbiBhY3RpdmVDZWxsPSJCMyIgc3FyZWY9IkIzIiAvPjwvc2hlZXRWaWV3Pjwvc2hlZXRWaWV3cz48c2hlZXRGb3JtYXRQciBkZWZhdWx0Um93SGVpZ2h0PSIxMi43NSIgeDE0YWM6ZHlEZXNjZW50PSIwLjIiIC8+PGNvbHM+PGNvbCBiZXN0Rml0PSIxIiBjdXN0b21XaWR0aD0iMSIgbWF4PSIxIiBtaW49IjEiIHdpZHRoPSIyMy4xNDA2MjUiIC8+PGNvbCBiZXN0Rml0PSIxIiBjdXN0b21XaWR0aD0iMSIgbWF4PSIyIiBtaW49IjIiIHdpZHRoPSIyMi4xNDA2MjUiIC8+PGNvbCBtYXg9IjEwMjUiIG1pbj0iMyIgd2lkdGg9IjExLjU3MDMxMjUiIC8+PC9jb2xzPjxzaGVldERhdGE+PHJvdyByPSIxIiBzcGFucz0iMToyIiB4MTRhYzpkeURlc2NlbnQ9IjAuMiI+PGMgcj0iQTEiIHQ9InMiPjx2PjA8L3Y+PC9jPjxjIHI9IkIxIiB0PSJzIj48dj4xPC92PjwvYz48L3Jvdz48cm93IHI9IjIiIHNwYW5zPSIxOjIiIHgxNGFjOmR5RGVzY2VudD0iMC4yIj48YyByPSJBMiIgcz0iMSIgdD0icyI+PHY+NDwvdj48L2M+PGMgcj0iQjIiIHM9IjEiPjx2PjIwPC92PjwvYz48L3Jvdz48cm93IHI9IjMiIHNwYW5zPSIxOjIiIHgxNGFjOmR5RGVzY2VudD0iMC4yIj48YyByPSJBMyIgcz0iMSIgdD0icyI+PHY+NTwvdj48L2M+PGMgcj0iQjMiIHM9IjEiPjx2PjIyPC92PjwvYz48L3Jvdz48L3NoZWV0RGF0YT48cGFnZU1hcmdpbnMgYm90dG9tPSIxLjA1Mjc3Nzc3Nzc3Nzc4IiBmb290ZXI9IjAuNzg3NDk5OTk5OTk5OTk5OTgiIGhlYWRlcj0iMC43ODc0OTk5OTk5OTk5OTk5OCIgbGVmdD0iMC43ODc0OTk5OTk5OTk5OTk5OCIgcmlnaHQ9IjAuNzg3NDk5OTk5OTk5OTk5OTgiIHRvcD0iMS4wNTI3Nzc3Nzc3Nzc3OCIgLz48cGFnZVNldHVwIGhvcml6b250YWxEcGk9IjQyOTQ5NjcyOTMiIG9yaWVudGF0aW9uPSJwb3J0cmFpdCIgcjppZD0icklkMSIgdXNlRmlyc3RQYWdlTnVtYmVyPSIxIiB2ZXJ0aWNhbERwaT0iMCIgLz48aGVhZGVyRm9vdGVyPjxvZGRIZWFkZXI+JmFtcDtDJmFtcDsiVGltZXMgTmV3IFJvbWFuLFJlZ3VsYXIiJmFtcDsxMiZhbXA7QTwvb2RkSGVhZGVyPjxvZGRGb290ZXI+JmFtcDtDJmFtcDsiVGltZXMgTmV3IFJvbWFuLFJlZ3VsYXIiJmFtcDsxMlBhZ2UgJmFtcDtQPC9vZGRGb290ZXI+PC9oZWFkZXJGb290ZXI+PC93b3Jrc2hlZXQ+UEsDBAoAAAAAAAAAIQA0VVHYpgIAAKYCAAARAAAAZG9jUHJvcHMvY29yZS54bWw8P3htbCB2ZXJzaW9uPSIxLjAiIGVuY29kaW5nPSJVVEYtOCIgc3RhbmRhbG9uZT0ieWVzIj8+DQo8Y3A6Y29yZVByb3BlcnRpZXMgeG1sbnM6Y3A9Imh0dHA6Ly9zY2hlbWFzLm9wZW54bWxmb3JtYXRzLm9yZy9wYWNrYWdlLzIwMDYvbWV0YWRhdGEvY29yZS1wcm9wZXJ0aWVzIiB4bWxuczpkYz0iaHR0cDovL3B1cmwub3JnL2RjL2VsZW1lbnRzLzEuMS8iIHhtbG5zOmRjdGVybXM9Imh0dHA6Ly9wdXJsLm9yZy9kYy90ZXJtcy8iIHhtbG5zOmRjbWl0eXBlPSJodHRwOi8vcHVybC5vcmcvZGMvZGNtaXR5cGUvIiB4bWxuczp4c2k9Imh0dHA6Ly93d3cudzMub3JnLzIwMDEvWE1MU2NoZW1hLWluc3RhbmNlIj48ZGM6Y3JlYXRvcj5UcmF2aXMgRnJpc2luZ2VyPC9kYzpjcmVhdG9yPjxjcDpsYXN0TW9kaWZpZWRCeT50cmF2aXMtcGM8L2NwOmxhc3RNb2RpZmllZEJ5PjxjcDpyZXZpc2lvbj4xPC9jcDpyZXZpc2lvbj48ZGN0ZXJtczpjcmVhdGVkIHhzaTp0eXBlPSJkY3Rlcm1zOlczQ0RURiI+MjAxNS0wNC0xMFQxNDozNzozNVo8L2RjdGVybXM6Y3JlYXRlZD48ZGN0ZXJtczptb2RpZmllZCB4c2k6dHlwZT0iZGN0ZXJtczpXM0NEVEYiPjIwMTgtMDItMTZUMTk6Mjc6NTNaPC9kY3Rlcm1zOm1vZGlmaWVkPjxkYzpsYW5ndWFnZT5lbi1HQjwvZGM6bGFuZ3VhZ2U+PC9jcDpjb3JlUHJvcGVydGllcz5QSwMECgAAAAAAAAAhAFj335bUDQAA1A0AACcAAAB4bC9wcmludGVyU2V0dGluZ3MvcHJpbnRlclNldHRpbmdzMS5iaW5DAGEAbgBvAG4AIABNAEcANAAyADAAMAAgAHMAZQByAGkAZQBzACAAUAByAGkAbgB0AGUAcgAAAAAAAAAAAAAAAQQJDNwA+AwD34EDAQABAOoKbwhkAAEAFgH9/wIAAQAAAAEAAQBMAGUAdAB0AGUAcgAAAAAAAAAAAAAAAAAAAAAAAAAAAAAAAAAAAAAAAAAAAAAAAAAAAAAAAAAAAAAAAAAAAAAAAAAAAAAAAAAAAAAAAAAAAAAAAAAAAAEAAAACAAAAAQAAAAEAAAAAAAAAAAAAAAAAAAAAAAAA+AwAAEJKRE0JDAAAAAAAANwIAADPAAAAzwAAAAAAAAAAAAAAAQAAAFZUAAAkbQAALAEAAIACAABgTwAABGoAACwBAACAAgAAYE8AAARqAABWVAAAJG0AACwBAACAAgAAdgIAAPQBAABgTwAABGoAACwBAACAAgAAdgIAAPQBAAAsAQAAgAIAAHYCAAD0AQAAYE8AAARqAABYAlgCGABEAFIAQQBGAFQAAAAAAAAAAAAAAAAAAAAAAAAAAAAAAAAAAAAAAAAAAAAAAAAAAAAAAAAAAAAAAAAAAAAAAAAAAAAAAAAAAAAAAAAAAAAAAAAAAAAAAAAAAAAAAAAAAAAAAAAAAAAAAAAAAAAAAAAAAAAAAAAAAAAAAAAAAAAAAAAAAAAAAFMAYQBtAHAAbABlACAAMQAAAAAAAAAAAAAAAAAAAAAAAAAAAAAAAAAAAAAAAAAAAAAAAAAAAAAAAAAAAAAAAAAAAAAAAAAAAAAAAAAAAAAAAAAAAAAAAAAAAAAAAAAAAAAAAAAAAAAAAAAAAAAAAAAAAAAAAAAAAAAAAAAAAAAAAAAAAAAAAAAAAAAAAAAAAAAAAAAAAAAAAAAAAAAAAAAAAAAAAAAAAAAAAAAAAAAAAAAAAAAAAAAAAAAAAAAAAAAAAAAAAAAAAAAAAAAAAAAAAAAAECcAAAAAAAAAAAAAAAAAAAAAAAAAAAAAAAAAAAAAAAAAAAAAAAAAAAAAAAAAAAAAAAAAAAAAAAAAAAAAAAAAAAAAAAAAAAAAAAAAAAAAAAAAAAAAAAAAAAAAAAAAAAAAAAAAAAAAAAAAAAAAAAAAAAAAAAAAAAAAAAAAAAAAAAAAAAAAAAAAAAAAAAAAAAAAAAAAAAAAAAAAAAAAAAAAAAAAAAAAAAAAAAAAAAAAAAAAAAAAAAAAAAAAAAAAAAAAAAAAAAAAAAAAAAAAAAAAAAAAAAAAAAAAAAAAAAAAAAAAAAAAAAAAAAAAAAAAAAAAAAAAAAAAAAAAAAAAAAAAAAAAAAAAAAAAAAAAAAAAAAAAAAAAAAAAAAAAAAAAAAAAAAAAAAAAAAAAAAAAAAAAAAAAAAAAAAAAAAAAAAAAAAAAAAAAAAAAAAAAAAAAAAAAAAAAAAAAAAAAAAAAAAAAAAAAAAAAAAAAAAAAAAAAAAAAAAAAAAAAAAAAAAAAAAAAAAAAAAAAAAAAAAAAAAAAAAAAAAAAAAAAAAAAAAAAAAAAAAAAAAAAAAAAAAAAAAAAAAAAAAAAAAAAAAAAAAAAAAAAAAAAAAAAAAAAAAAAAAAAAAAAAAAAAAAAAAAAAAAAAAAAAAAAAAAAAAAAAAAAAAAAAAAAAAAAAAAAAAAAAAAAAAAAAAAAAAAAAAAAAAAAAAAAAAAAAAAAAAAAAAAAAAAAAAAAAAAAAAAAAAAAAAAAAAAAAAAAAAAAAAAAAAAAAAAAAAAAAAAAAAAAAAAAAAAAAAAAAAAAAAAAAAAAAAAAAAAAAAAAAAAAAAAAAAAAAAAAAAAAAAAAAAAAAAAAAAAAAAAAAAAAAAAAAAAAAAAAAAAAAAAAAAAAAAAAAAAAAAAAAAAAAAAAAAAAAAAAAAAAAAAAAAAAAAAAAAAAAAAAAAAAAAAAAAAAAAAAAAAAAAAAAAAAAAAAAAAAAAAAAAAAAAAAAAAAAAAAAAAAAAAAAAAAAAAAAAAAAAAAAAAAAAAAAAAAAAAAAAAAAAAAAAAAAAAAAAAAAAAAAAAAAAAAAAAAAAAAAAAAAAAAAAAAAAAAAAAAAAAAAAAAAAAAAAAAAAAAAAAAAAAAAAAAAAAAAAAAAAAAAAAAAAAAAAAAAAAAAAAAAAAAAAAAAAAAAAAAAAAAAAAAAAAAAAAAAAAAAAAAAAAAAAAAAAAAAAAAAAAAAAAAAAAAAAAAAAAAAAAAAAAAAAAAAAAAAAAAAAAAAAAAAAAAAAAAAAAAAAAAAAAAAAAAAAAAAAAAAAAAAAAAAAAAAAAAAAAAAAAAAAAAAAAAAAAAAAAAAAAAAAAAAAAAAAAAAAAAAAAAAAAAAAAAAAAAAAAAAAAAAAAAAAAAAAAAAAAAAAAAAAAAAAAAAAAAAAAAAAAAAAAAAAAAAAAAAAAAAAAAAAAAAAAAAAAAAAAAAAAAAAAAAAAAAAAAAAAAAAAAAAAAAAAAAAAAAAAAAAAAAAAAAAAAAAAAAAAAAAAAAAAAAAAAAAAAAAAAAAAAAAAAAAAAAAAAAAAAAAAAAAAAAAAAAAAAAAIAAAADAAAAAwAAAAAAAAACAAEAAAAAAAAAAAAAAAAAAAAAAAAAAAAAAAIAAwAAAAAAAAAAAAAAAAAAAAAAAAAAAAAAAAAAAAAAAAAAAAAAAAAAAAAAAAAAAAAAAAAAAAAAAAAAAAAAAAAAAAAAAAAAAAAAAAAAAAAAAAAAAAAAAAAAAAAAAAAAAAAAAAAAAAAAAAAAAAAAAAAAAAAAAAAAAAAAAAAAAAAAAAAAAAAAAAAAAAAAAAAAAAAAAAAAAAAAAAAAAAAAAAAAAAAAAAAAAAAAAAAAAAAAAAAAAAAAAAAAAAAAAAAAAAAAAAAAAAAAAAAAAAAAAAAAAAAAAAAAAAAAAAAAAAAAAAAAAAAAAAAAAAAAAAAAAAAAAAAAAAAAAAAAAAAAAAAAAAAAAAAAAAAAAAAAAAAAAAAAAAAAAAAAAAAAAAAAAAAAAAAAAAAAAAAAAAAAAAAAAAAAAAAAAAAAAAAAAAAAAAAAAAAAAAAAAAAAAAAAAAAAAAAAAAAAAAAAAAAAAAAAAAAAAAAAAAAAAAAAAAAAAAAAAAAAAAAAAAAAAAAAAAAAAAAAAAAAAAAAAAAAAAAAAAAAAAAAAAAAAAAAAAAAAAAAAAAAAAAAAAAAAAAAAAAAAAAAAAAAAAAAAAAAAAAAAAAAAAAAAAAAAAAAAAAAAAAAAAAAAAAAAAAAAAAAAAAAAAAAAAAAAAAAAAAAAAAAAAAAAAAAAAAAAAAAAAAAAAAAAAAAAAAAAAAAAAABAAEAAwAAAAMAAAACAAAAAAAAAAAAAAAAAAAAAAAAAAQAAAABAAAAAwAAABYBAAADAAAAAAAAAAEAAAAAAAAAAAAAAAAAAAAAAAAAAAAAAAMAAAACAAAAAQAAAAAAAAABAAAAAAAAAAAAAABkAAAAAQAAAFZUAAAkbQAAAQAAAAEAAABWVAAAJG0AAAEAAAACAAAAAAAAAAEAAAABAAAAAQAAAAAAAAAAAAAAAAAAAAAAAAAAAAAAAAAAAAAAAACTAAAAAAAAAAAAAABACgAAAQAAAAEAAAABAAAAAAAAAAAAAAAAAAAAAAAAAAAAAAABAAAA//8AAAAAAAAAAAAAAAAAAAoAAAAAAAAAAAAAAAAAAAAAAAAAAQAAAAAAAAAAAAAAAAAAAAAAAAABAAAAAAAAAAAAAAAAAAAAAAAAAAAAAAAAAAAAAQAAAAAAAAD//wAAAAAAAAAAAAAAAAAAAgAAAAAAAAAAAAAAAAAAAAEAAAAAAAAAAQAAAAAAAAAAAAAAAAAAAAAAAAAAAAAAVlQAACRtAAAAAAAAAQAAAH8AAAB/AAAAfwAAAH8AAAAAAAAAAQAAAAAAAAAAAAAA5wMAAP8AAAAAAAAAAAAAAAAAAAAAAAAAAAAAAAAAAAAAAAAAAAAAAAEAAAAAAAAAAAAAAAAAAAAAAAAAAAAAAAAAAAAAAAAAAAAAAAAAAAAAAAAAAAAAAAAAAAAAAAAAAAAAAAAAAAAAAAAAAQAAAAAAAAAAAAAACgAAAAAAAAAAAAAAAAAAAAAAAADnAwAAAAAAAAAAAAAAAAAAAAAAAAAAAAAAAAAAAAAAAAAAAAAFAAAAAQAAAAAAAAACAAAAAAAAAAIAAAABAAAAAAAAAAAAAAAAAAAAAAAAAAAAAADoAwAAAAAAAAEAAAAAAAAAAQAAAAAAAAAAAAAAAgAAAAAAAAAAAAAAAAAAAAEAAAAAAAAABAAAAAAAAAAAAAAAAQAAAAEAAAAAAAAAAAAAAAAAAAAAAAAAAAAAAAAAAAAAAAAAAQAAAAEAAAABAAAAAAAAAAAAAAAAAAAAAAAAAAAAAAAAAAAAAAAAAAAAAAAAAAAAAAAAAAAAAAAAAAAAAAAAAAAAAAAAAAAAQwBhAG4AbwBuACAATQBHADQAMgAwADAAIABzAGUAcgBpAGUAcwAgAFAAcgBpAG4AdABlAHIAAAAAAAAAAAAAAAEECQzcAPgMA9+BAwEAAQDqCm8IZAABABYB/f8CAAEAAAABAAEATABlAHQAdABlAHIAAAAAAAAAAAAAAAAAAAAAAAAAAAAAAAAAAAAAAAAAAAAAAAAAAAAAAAAAAAAAAAAAAAAAAAAAAAAAAAAAAAAAAAAAAAAAAAAAAAABAAAAAgAAAAEAAAABAAAAAAAAAAAAAAAAAAAAAAAAAIU6PqVQSwMECgAAAAAAAAAhAID5qBMYAwAAGAMAABAAAABkb2NQcm9wcy9hcHAueG1sPD94bWwgdmVyc2lvbj0iMS4wIiBlbmNvZGluZz0iVVRGLTgiIHN0YW5kYWxvbmU9InllcyI/Pg0KPFByb3BlcnRpZXMgeG1sbnM9Imh0dHA6Ly9zY2hlbWFzLm9wZW54bWxmb3JtYXRzLm9yZy9vZmZpY2VEb2N1bWVudC8yMDA2L2V4dGVuZGVkLXByb3BlcnRpZXMiIHhtbG5zOnZ0PSJodHRwOi8vc2NoZW1hcy5vcGVueG1sZm9ybWF0cy5vcmcvb2ZmaWNlRG9jdW1lbnQvMjAwNi9kb2NQcm9wc1ZUeXBlcyI+PFRvdGFsVGltZT4xMjI8L1RvdGFsVGltZT48QXBwbGljYXRpb24+TWljcm9zb2Z0IEV4Y2VsPC9BcHBsaWNhdGlvbj48RG9jU2VjdXJpdHk+MDwvRG9jU2VjdXJpdHk+PFNjYWxlQ3JvcD5mYWxzZTwvU2NhbGVDcm9wPjxIZWFkaW5nUGFpcnM+PHZ0OnZlY3RvciBzaXplPSIyIiBiYXNlVHlwZT0idmFyaWFudCI+PHZ0OnZhcmlhbnQ+PHZ0Omxwc3RyPldvcmtzaGVldHM8L3Z0Omxwc3RyPjwvdnQ6dmFyaWFudD48dnQ6dmFyaWFudD48dnQ6aTQ+MTwvdnQ6aTQ+PC92dDp2YXJpYW50PjwvdnQ6dmVjdG9yPjwvSGVhZGluZ1BhaXJzPjxUaXRsZXNPZlBhcnRzPjx2dDp2ZWN0b3Igc2l6ZT0iMSIgYmFzZVR5cGU9Imxwc3RyIj48dnQ6bHBzdHI+U2hlZXQxPC92dDpscHN0cj48L3Z0OnZlY3Rvcj48L1RpdGxlc09mUGFydHM+PExpbmtzVXBUb0RhdGU+ZmFsc2U8L0xpbmtzVXBUb0RhdGU+PFNoYXJlZERvYz5mYWxzZTwvU2hhcmVkRG9jPjxIeXBlcmxpbmtzQ2hhbmdlZD5mYWxzZTwvSHlwZXJsaW5rc0NoYW5nZWQ+PEFwcFZlcnNpb24+MTYuMDMwMDwvQXBwVmVyc2lvbj48L1Byb3BlcnRpZXM+UEsBAhQACgAAAAAAAAAhAEE3gs8EBQAABAUAABMAAAAAAAAAAAAAAAAAAAAAAFtDb250ZW50X1R5cGVzXS54bWxQSwECFAAKAAAAAAAAACEAtVUwI0wCAABMAgAACwAAAAAAAAAAAAAAAAA1BQAAX3JlbHMvLnJlbHNQSwECFAAKAAAAAAAAACEAgT6Ul7oCAAC6AgAAGgAAAAAAAAAAAAAAAACqBwAAeGwvX3JlbHMvd29ya2Jvb2sueG1sLnJlbHNQSwECFAAKAAAAAACFs1BMCOPUtgUEAAAFBAAADwAAAAAAAAAAAAAAAACcCgAAeGwvd29ya2Jvb2sueG1sUEsBAhQACgAAAAAAhbNQTCUWIYsxAQAAMQEAABQAAAAAAAAAAAAAAAAAzg4AAHhsL3NoYXJlZFN0cmluZ3MueG1sUEsBAhQACgAAAAAAAAAhADttMktCAQAAQgEAACMAAAAAAAAAAAAAAAAAMRAAAHhsL3dvcmtzaGVldHMvX3JlbHMvc2hlZXQxLnhtbC5yZWxzUEsBAhQACgAAAAAAAAAhAMEXEL7GIAAAxiAAABMAAAAAAAAAAAAAAAAAtBEAAHhsL3RoZW1lL3RoZW1lMS54bWxQSwECFAAKAAAAAAAAACEAu6i/LNIGAADSBgAADQAAAAAAAAAAAAAAAACrMgAAeGwvc3R5bGVzLnhtbFBLAQIUAAoAAAAAAIWzUEziGeFIXQYAAF0GAAAYAAAAAAAAAAAAAAAAAKg5AAB4bC93b3Jrc2hlZXRzL3NoZWV0MS54bWxQSwECFAAKAAAAAAAAACEANFVR2KYCAACmAgAAEQAAAAAAAAAAAAAAAAA7QAAAZG9jUHJvcHMvY29yZS54bWxQSwECFAAKAAAAAAAAACEAWPffltQNAADUDQAAJwAAAAAAAAAAAAAAAAAQQwAAeGwvcHJpbnRlclNldHRpbmdzL3ByaW50ZXJTZXR0aW5nczEuYmluUEsBAhQACgAAAAAAAAAhAID5qBMYAwAAGAMAABAAAAAAAAAAAAAAAAAAKVEAAGRvY1Byb3BzL2FwcC54bWxQSwUGAAAAAAwADAAmAwAAb1QAAAAA